node : C:\Users\Tanuj\Desktop\Ipl auction\IP
L_AUCTION\backend\node_modules\@prisma\clien
t\runtime\client.js:70
At line:1 char:1
+ node test_prisma.js > test_error.log 2>&1
+ ~~~~~~~~~~~~~~~~~~~~~~~~~~~~~~~~~~~~~~~~~
    + CategoryInfo          : NotSpecified: 
    (C:\Users\Tanuj\...me\client.js:70:Str  
  ing) [], RemoteException
    + FullyQualifiedErrorId : NativeCommand 
   Error
 
${n}`}var jl=require("@prisma/client-runtime
-utils");function Ul(e){return 
e.length===0?Promise.resolve([]):new 
Promise((t,r)=>{let n=new Array(e.length),i=
null,o=!1,s=0,a=()=>{o||(s++,s===e.length&&(
o=!0,i?r(i):t(n)))},l=u=>{o||(o=!0,r(u))};fo
r(let u=0;u<e.length;u++)e[u].then(c=>{n[u]=
c,a()},c=>{if(!(0,jl.hasBatchIndex)(c)){l(c)
;return}c.batchRequestIdx===u?l(c):(i||(i=c)
,a())})})}var Ut=M("prisma:client");typeof g
lobalThis=="object"&&(globalThis.NODE_CLIENT
=!0);var Rm={requestArgsToMiddlewareArgs:e=>
e,middlewareArgsToRequestArgs:e=>e},km=Symbo
l.for("prisma.client.transaction.id"),Im={id
:0,nextId(){return++this.id}};function 
Gl(e){class t{_originalClient=this;_runtimeD
ataModel;_requestHandler;_connectionPromise;
_disconnectionPromise;_engineConfig;_acceler
ateEngineConfig;_clientVersion;_errorFormat;
_tracingHelper;_previewFeatures;_activeProvi
der;_globalOmit;_extensions;_engine;_applied
Parent;_createPrismaPromise=pi();constructor
(n){if(!n)throw new w.PrismaClientInitializa
tionError("`PrismaClient` needs to be 
constructed with a non-empty, valid 
`PrismaClientOptions`:\n\n```\nnew 
PrismaClient({\n  
...\n})\n```\n\nor\n\n```\nconstructor() 
{\n  super({ ... });\n}\n```\n          ",yi
);e=n.__internal?.configOverride?.(e)??e,ql(
n,e);let i=new Hl.EventEmitter().on("error",
()=>{});this._extensions=Ue.empty(),this._pr
eviewFeatures=e.previewFeatures,this._client
Version=e.clientVersion??yi,this._activeProv
ider=e.activeProvider,this._globalOmit=n?.om
it,this._tracingHelper=Rl();let 
o;if(n.adapter){o=n.adapter;let s=e.activePr
ovider==="postgresql"||e.activeProvider==="c
ockroachdb"?"postgres":e.activeProvider;if(o
.provider!==s)throw new 
w.PrismaClientInitializationError(`The 
Driver Adapter \`${o.adapterName}\`, based 
on \`${o.provider}\`, is not compatible 
with the provider \`${s}\` specified in the 
Prisma 
schema.`,this._clientVersion)}try{let s=n??{
},l=(s.__internal??{}).debug===!0;if(l&&M.en
able("prisma:client"),s.errorFormat?this._er
rorFormat=s.errorFormat:process.env.NODE_ENV
==="production"?this._errorFormat="minimal":
process.env.NO_COLOR?this._errorFormat="colo
rless":this._errorFormat="colorless",this._r
untimeDataModel=e.runtimeDataModel,this._eng
ineConfig={enableDebugLogs:l,logLevel:s.log&
&Il(s.log),logQueries:s.log&&!!(typeof s.log
=="string"?s.log==="query":s.log.find(u=>typ
eof u=="string"?u==="query":u.level==="query
")),compilerWasm:e.compilerWasm,clientVersio
n:e.clientVersion,previewFeatures:this._prev
iewFeatures,activeProvider:e.activeProvider,
inlineSchema:e.inlineSchema,tracingHelper:th
is._tracingHelper,transactionOptions:{maxWai
t:s.transactionOptions?.maxWait??2e3,timeout
:s.transactionOptions?.timeout??5e3,isolatio
nLevel:s.transactionOptions?.isolationLevel}
,logEmitter:i,adapter:o,accelerateUrl:s.acce
lerateUrl,sqlCommenters:s.comments,parameter
izationSchema:e.parameterizationSchema,runti
meDataModel:e.runtimeDataModel},this._accele
rateEngineConfig=Object.create(this._engineC
onfig),this._accelerateEngineConfig.accelera
teUtils={resolveDatasourceUrl:()=>{if(s.acce
lerateUrl)return s.accelerateUrl;throw new w
.PrismaClientInitializationError(`\`accelera
teUrl\` is required when using 
\`@prisma/extension-accelerate\`:
                                            
                                            
                                            
                                            
                                            
                                            
                                            
                                            
                                            
                                            
                                            
                                            
                                            
                                            
                                            
                                            
                                            
                                            
                                            
                                            
                                            
                                   ^

PrismaClientInitializationError: 
`PrismaClient` needs to be constructed with 
a non-empty, valid `PrismaClientOptions`:

```
new PrismaClient({
  ...
})
```

or

```
constructor() {
  super({ ... });
}
```
          
    at new t (C:\Users\Tanuj\Desktop\Ipl auc
tion\IPL_AUCTION\backend\node_modules\@prism
a\client\runtime\client.js:70:960)
    at file:///C:/Users/Tanuj/Desktop/Ipl%20
auction/IPL_AUCTION/backend/test_prisma.js:5
:16
    at ModuleJob.run (node:internal/modules/
esm/module_job:345:25)
    at async 
onImport.tracePromise.__proto__ 
(node:internal/modules/esm/loader:651:26)
    at async 
asyncRunEntryPointWithESMLoader 
(node:internal/modules/run_main:117:5) {
  clientVersion: '7.4.1',
  errorCode: undefined,
  retryable: undefined
}

Node.js v22.19.0
